// Jest Snapshot v1, https://goo.gl/fbAQLP

exports[`AppRouter Component Snapshot should match last snapshot 1`] = `
<BrowserRouter>
  <div>
    <ul>
      <li>
        <Link
          replace={false}
          to="/"
        >
          Home
        </Link>
      </li>
      <li>
        <Link
          replace={false}
          to="/loading"
        >
          Loading
        </Link>
      </li>
    </ul>
    <Route
      component={[Function]}
      exact={true}
      path="/"
    />
    <Route
      component={[Function]}
      path="/loading"
    />
  </div>
</BrowserRouter>
`;
